// Jest Snapshot v1, https://goo.gl/fbAQLP

exports[`GET /* should return 200 and anagrams if they exist 1`] = `
[
  "cecities",
  "cercises",
  "cercuses",
  "cereuses",
  "cerrises",
  "cerusite",
  "cesspits",
  "cestuses",
  "circiter",
  "circuits",
  "circuses",
  "cissuses",
  "cistuses",
  "citesses",
  "citruses",
  "creepers",
  "creepier",
  "creepies",
  "creperie",
  "crepiest",
  "crepitus",
  "cressets",
  "cripeses",
  "crispers",
  "crispest",
  "crispier",
  "critters",
  "critturs",
  "cruisers",
  "cruppers",
  "crustier",
  "crusties",
  "cuppiest",
  "cuprites",
  "curettes",
  "curriers",
  "curtsies",
  "cuscuses",
  "cutesier",
  "cutpurse",
  "eccrisis",
  "eccritic",
  "ecesises",
  "epeeists",
  "epicists",
  "epicures",
  "epitrite",
  "erecters",
  "eristics",
  "estrepes",
  "estruses",
  "eucrites",
  "eucritic",
  "eupeptic",
  "eutectic",
  "icterics",
  "iritises",
  "pepperer",
  "peppiest",
  "percepts",
  "peripter",
  "perriers",
  "persists",
  "perspire",
  "perusers",
  "pesterer",
  "pestiest",
  "pettiest",
  "picrites",
  "picritic",
  "pictures",
  "piecrust",
  "piercers",
  "pietists",
  "pipettes",
  "piripiri",
  "pittites",
  "pituites",
  "precepts",
  "precipes",
  "preciser",
  "precises",
  "precures",
  "precurse",
  "preerect",
  "preppier",
  "preppies",
  "preprice",
  "prepuces",
  "pressers",
  "pressies",
  "pressure",
  "presters",
  "preterit",
  "pretests",
  "prettier",
  "pretties",
  "priciest",
  "priseres",
  "prissier",
  "prissies",
  "pruritic",
  "pruritus",
  "puristic",
  "purities",
  "purpures",
  "purpuric",
  "pursiest",
  "pursuers",
  "pursuits",
  "purtiest",
  "pussiest",
  "putterer",
  "puttiers",
  "receipts",
  "recesses",
  "reciters",
  "recruits",
  "rectitic",
  "rectitis",
  "rectress",
  "reerects",
  "reissuer",
  "reissues",
  "reperuse",
  "reprices",
  "reprises",
  "repursue",
  "rescript",
  "rescuers",
  "resecure",
  "resetter",
  "resister",
  "respects",
  "respires",
  "respites",
  "restress",
  "restrict",
  "retirees",
  "retirers",
  "reutters",
  "rictuses",
  "rispetti",
  "ruptures",
  "ruscuses",
  "rustiest",
  "ruttiest",
  "scepters",
  "scissure",
  "scripter",
  "scuppers",
  "scurrier",
  "scurries",
  "scutters",
  "secreter",
  "secretes",
  "securers",
  "securest",
  "seepiest",
  "seisures",
  "sericite",
  "sesterce",
  "sestette",
  "sestetts",
  "sissiest",
  "speccies",
  "specters",
  "speisses",
  "spiciest",
  "spiriest",
  "spiritus",
  "spitters",
  "sprucest",
  "sprucier",
  "spurrers",
  "spurrier",
  "spurries",
  "spurters",
  "sputters",
  "steepers",
  "steepest",
  "steerers",
  "steppers",
  "stipites",
  "stirrers",
  "stirrups",
  "stresses",
  "stricter",
  "stripers",
  "stripier",
  "stripper",
  "strutter",
  "stutters",
  "suitress",
  "superset",
  "suppress",
  "sureties",
  "surprise",
  "surucucu",
  "suspects",
  "suspires",
  "susurrus",
  "tectites",
  "terriers",
  "testiest",
  "tiercets",
  "tippiest",
  "tipsiest",
  "tipsters",
  "titterer",
  "tressier",
  "tressure",
  "trippers",
  "trippets",
  "trippier",
  "trisects",
  "truistic",
  "trussers",
  "trustees",
  "trusters",
  "trustier",
  "trusties",
  "tussises",
  "uppercut",
  "uprisers",
  "upsetter",
  "ureteric",
  "usurpers",
  "uteritis",
  "utterers",
  "utterest",
]
`;
